/Users/tascan/Desktop/диссер/new_arch/.venv/lib/python3.14/site-packages/torch/nn/utils/weight_norm.py:144: FutureWarning: `torch.nn.utils.weight_norm` is deprecated in favor of `torch.nn.utils.parametrizations.weight_norm`.
  WeightNorm.apply(module, name, dim)
/Users/tascan/Desktop/диссер/new_arch/.venv/lib/python3.14/site-packages/torch/nn/utils/weight_norm.py:144: FutureWarning: `torch.nn.utils.weight_norm` is deprecated in favor of `torch.nn.utils.parametrizations.weight_norm`.
  WeightNorm.apply(module, name, dim)
/Users/tascan/Desktop/диссер/new_arch/.venv/lib/python3.14/site-packages/torch/nn/utils/weight_norm.py:144: FutureWarning: `torch.nn.utils.weight_norm` is deprecated in favor of `torch.nn.utils.parametrizations.weight_norm`.
  WeightNorm.apply(module, name, dim)
/Users/tascan/Desktop/диссер/new_arch/.venv/lib/python3.14/site-packages/torch/nn/utils/weight_norm.py:144: FutureWarning: `torch.nn.utils.weight_norm` is deprecated in favor of `torch.nn.utils.parametrizations.weight_norm`.
  WeightNorm.apply(module, name, dim)
/Users/tascan/Desktop/диссер/new_arch/.venv/lib/python3.14/site-packages/torch/nn/utils/weight_norm.py:144: FutureWarning: `torch.nn.utils.weight_norm` is deprecated in favor of `torch.nn.utils.parametrizations.weight_norm`.
  WeightNorm.apply(module, name, dim)
/Users/tascan/Desktop/диссер/new_arch/.venv/lib/python3.14/site-packages/torch/nn/utils/weight_norm.py:144: FutureWarning: `torch.nn.utils.weight_norm` is deprecated in favor of `torch.nn.utils.parametrizations.weight_norm`.
  WeightNorm.apply(module, name, dim)
/Users/tascan/Desktop/диссер/new_arch/.venv/lib/python3.14/site-packages/torch/nn/utils/weight_norm.py:144: FutureWarning: `torch.nn.utils.weight_norm` is deprecated in favor of `torch.nn.utils.parametrizations.weight_norm`.
  WeightNorm.apply(module, name, dim)
/Users/tascan/Desktop/диссер/new_arch/.venv/lib/python3.14/site-packages/torch/nn/utils/weight_norm.py:144: FutureWarning: `torch.nn.utils.weight_norm` is deprecated in favor of `torch.nn.utils.parametrizations.weight_norm`.
  WeightNorm.apply(module, name, dim)
/Users/tascan/Desktop/диссер/new_arch/.venv/lib/python3.14/site-packages/torch/nn/utils/weight_norm.py:144: FutureWarning: `torch.nn.utils.weight_norm` is deprecated in favor of `torch.nn.utils.parametrizations.weight_norm`.
  WeightNorm.apply(module, name, dim)
/Users/tascan/Desktop/диссер/new_arch/.venv/lib/python3.14/site-packages/torch/nn/utils/weight_norm.py:144: FutureWarning: `torch.nn.utils.weight_norm` is deprecated in favor of `torch.nn.utils.parametrizations.weight_norm`.
  WeightNorm.apply(module, name, dim)
/Users/tascan/Desktop/диссер/new_arch/.venv/lib/python3.14/site-packages/torch/nn/utils/weight_norm.py:144: FutureWarning: `torch.nn.utils.weight_norm` is deprecated in favor of `torch.nn.utils.parametrizations.weight_norm`.
  WeightNorm.apply(module, name, dim)
/Users/tascan/Desktop/диссер/new_arch/.venv/lib/python3.14/site-packages/torch/nn/utils/weight_norm.py:144: FutureWarning: `torch.nn.utils.weight_norm` is deprecated in favor of `torch.nn.utils.parametrizations.weight_norm`.
  WeightNorm.apply(module, name, dim)
/Users/tascan/Desktop/диссер/new_arch/.venv/lib/python3.14/site-packages/torch/nn/utils/weight_norm.py:144: FutureWarning: `torch.nn.utils.weight_norm` is deprecated in favor of `torch.nn.utils.parametrizations.weight_norm`.
  WeightNorm.apply(module, name, dim)
/Users/tascan/Desktop/диссер/new_arch/.venv/lib/python3.14/site-packages/torch/nn/utils/weight_norm.py:144: FutureWarning: `torch.nn.utils.weight_norm` is deprecated in favor of `torch.nn.utils.parametrizations.weight_norm`.
  WeightNorm.apply(module, name, dim)
/Users/tascan/Desktop/диссер/new_arch/.venv/lib/python3.14/site-packages/torch/nn/utils/weight_norm.py:144: FutureWarning: `torch.nn.utils.weight_norm` is deprecated in favor of `torch.nn.utils.parametrizations.weight_norm`.
  WeightNorm.apply(module, name, dim)
/Users/tascan/Desktop/диссер/new_arch/.venv/lib/python3.14/site-packages/torch/nn/utils/weight_norm.py:144: FutureWarning: `torch.nn.utils.weight_norm` is deprecated in favor of `torch.nn.utils.parametrizations.weight_norm`.
  WeightNorm.apply(module, name, dim)
/Users/tascan/Desktop/диссер/new_arch/.venv/lib/python3.14/site-packages/torch/nn/utils/weight_norm.py:144: FutureWarning: `torch.nn.utils.weight_norm` is deprecated in favor of `torch.nn.utils.parametrizations.weight_norm`.
  WeightNorm.apply(module, name, dim)
/Users/tascan/Desktop/диссер/new_arch/.venv/lib/python3.14/site-packages/torch/nn/utils/weight_norm.py:144: FutureWarning: `torch.nn.utils.weight_norm` is deprecated in favor of `torch.nn.utils.parametrizations.weight_norm`.
  WeightNorm.apply(module, name, dim)
[TCN1] Causal PureTCN, seq=30 строк (150 сек), RF=31
  model_id=TCN1_893f3174  device=cpu
  target=lt1  feature_set=EMG+NIRS+HRV  with_abs=True  wavelet_mode=none
  seq_len=30  int_stride=5s  out_stride=5s
  max_epochs=40  checkpoint_every=4
  → /Users/tascan/Desktop/диссер/new_arch/results/TCN1/models.csv
  n_subjects=18  n_features=107  n_windows=4130
  fold loso_subject_S001       n=213   MAE_final=2.544 мин  params=35809  ckpts=10  (279.7s)
  fold loso_subject_S002       n=127   MAE_final=2.670 мин  params=35809  ckpts=10  (261.7s)
  fold loso_subject_S003       n=290   MAE_final=8.157 мин  params=35809  ckpts=10  (244.8s)
  fold loso_subject_S004       n=143   MAE_final=1.694 мин  params=35809  ckpts=10  (257.5s)
  fold loso_subject_S005       n=235   MAE_final=3.264 мин  params=35809  ckpts=10  (252.1s)
  fold loso_subject_S006       n=112   MAE_final=1.292 мин  params=35809  ckpts=10  (254.5s)
  fold loso_subject_S007       n=198   MAE_final=2.059 мин  params=35809  ckpts=10  (254.2s)
  fold loso_subject_S008       n=121   MAE_final=0.855 мин  params=35809  ckpts=10  (254.7s)
  fold loso_subject_S009       n=327   MAE_final=8.806 мин  params=35809  ckpts=10  (241.6s)
  fold loso_subject_S010       n=291   MAE_final=3.157 мин  params=35809  ckpts=10  (248.9s)
  fold loso_subject_S011       n=154   MAE_final=0.871 мин  params=35809  ckpts=10  (269.7s)
  fold loso_subject_S012       n=134   MAE_final=3.938 мин  params=35809  ckpts=10  (250.3s)
  fold loso_subject_S013       n=236   MAE_final=3.568 мин  params=35809  ckpts=10  (241.9s)
  fold loso_subject_S014       n=198   MAE_final=1.865 мин  params=35809  ckpts=10  (242.2s)
  fold loso_subject_S016       n=159   MAE_final=3.247 мин  params=35809  ckpts=10  (248.2s)
  fold loso_subject_S017       n=192   MAE_final=5.485 мин  params=35809  ckpts=10  (246.4s)
  fold loso_subject_S018       n=188   MAE_final=1.582 мин  params=35809  ckpts=10  (246.2s)
  fold loso_subject_S019       n=290   MAE_final=3.845 мин  params=35809  ckpts=10  (238.4s)

  Всего 18 folds, 4533.7s
  MAE по эпохам (мин):
    epoch=  4  MAE=3.581  ← best
    epoch=  8  MAE=3.642
    epoch= 12  MAE=3.724
    epoch= 16  MAE=3.730
    epoch= 20  MAE=3.754
    epoch= 24  MAE=3.773
    epoch= 28  MAE=3.772
    epoch= 32  MAE=3.778
    epoch= 36  MAE=3.769
    epoch= 40  MAE=3.760
  → /Users/tascan/Desktop/диссер/new_arch/results/TCN1/TCN1_893f3174/history.csv  (720 строк)
  → /Users/tascan/Desktop/диссер/new_arch/results/TCN1/TCN1_893f3174/predictions_TCN1_893f3174.parquet  (36080 строк)
  → /Users/tascan/Desktop/диссер/new_arch/results/TCN1/TCN1_893f3174/model_TCN1_893f3174_epoch-*.pt  (10 файлов)
