/Users/tascan/Desktop/диссер/new_arch/.venv/lib/python3.14/site-packages/torch/nn/utils/weight_norm.py:144: FutureWarning: `torch.nn.utils.weight_norm` is deprecated in favor of `torch.nn.utils.parametrizations.weight_norm`.
  WeightNorm.apply(module, name, dim)
/Users/tascan/Desktop/диссер/new_arch/.venv/lib/python3.14/site-packages/torch/nn/utils/weight_norm.py:144: FutureWarning: `torch.nn.utils.weight_norm` is deprecated in favor of `torch.nn.utils.parametrizations.weight_norm`.
  WeightNorm.apply(module, name, dim)
/Users/tascan/Desktop/диссер/new_arch/.venv/lib/python3.14/site-packages/torch/nn/utils/weight_norm.py:144: FutureWarning: `torch.nn.utils.weight_norm` is deprecated in favor of `torch.nn.utils.parametrizations.weight_norm`.
  WeightNorm.apply(module, name, dim)
/Users/tascan/Desktop/диссер/new_arch/.venv/lib/python3.14/site-packages/torch/nn/utils/weight_norm.py:144: FutureWarning: `torch.nn.utils.weight_norm` is deprecated in favor of `torch.nn.utils.parametrizations.weight_norm`.
  WeightNorm.apply(module, name, dim)
/Users/tascan/Desktop/диссер/new_arch/.venv/lib/python3.14/site-packages/torch/nn/utils/weight_norm.py:144: FutureWarning: `torch.nn.utils.weight_norm` is deprecated in favor of `torch.nn.utils.parametrizations.weight_norm`.
  WeightNorm.apply(module, name, dim)
/Users/tascan/Desktop/диссер/new_arch/.venv/lib/python3.14/site-packages/torch/nn/utils/weight_norm.py:144: FutureWarning: `torch.nn.utils.weight_norm` is deprecated in favor of `torch.nn.utils.parametrizations.weight_norm`.
  WeightNorm.apply(module, name, dim)
/Users/tascan/Desktop/диссер/new_arch/.venv/lib/python3.14/site-packages/torch/nn/utils/weight_norm.py:144: FutureWarning: `torch.nn.utils.weight_norm` is deprecated in favor of `torch.nn.utils.parametrizations.weight_norm`.
  WeightNorm.apply(module, name, dim)
/Users/tascan/Desktop/диссер/new_arch/.venv/lib/python3.14/site-packages/torch/nn/utils/weight_norm.py:144: FutureWarning: `torch.nn.utils.weight_norm` is deprecated in favor of `torch.nn.utils.parametrizations.weight_norm`.
  WeightNorm.apply(module, name, dim)
/Users/tascan/Desktop/диссер/new_arch/.venv/lib/python3.14/site-packages/torch/nn/utils/weight_norm.py:144: FutureWarning: `torch.nn.utils.weight_norm` is deprecated in favor of `torch.nn.utils.parametrizations.weight_norm`.
  WeightNorm.apply(module, name, dim)
/Users/tascan/Desktop/диссер/new_arch/.venv/lib/python3.14/site-packages/torch/nn/utils/weight_norm.py:144: FutureWarning: `torch.nn.utils.weight_norm` is deprecated in favor of `torch.nn.utils.parametrizations.weight_norm`.
  WeightNorm.apply(module, name, dim)
/Users/tascan/Desktop/диссер/new_arch/.venv/lib/python3.14/site-packages/torch/nn/utils/weight_norm.py:144: FutureWarning: `torch.nn.utils.weight_norm` is deprecated in favor of `torch.nn.utils.parametrizations.weight_norm`.
  WeightNorm.apply(module, name, dim)
/Users/tascan/Desktop/диссер/new_arch/.venv/lib/python3.14/site-packages/torch/nn/utils/weight_norm.py:144: FutureWarning: `torch.nn.utils.weight_norm` is deprecated in favor of `torch.nn.utils.parametrizations.weight_norm`.
  WeightNorm.apply(module, name, dim)
/Users/tascan/Desktop/диссер/new_arch/.venv/lib/python3.14/site-packages/torch/nn/utils/weight_norm.py:144: FutureWarning: `torch.nn.utils.weight_norm` is deprecated in favor of `torch.nn.utils.parametrizations.weight_norm`.
  WeightNorm.apply(module, name, dim)
/Users/tascan/Desktop/диссер/new_arch/.venv/lib/python3.14/site-packages/torch/nn/utils/weight_norm.py:144: FutureWarning: `torch.nn.utils.weight_norm` is deprecated in favor of `torch.nn.utils.parametrizations.weight_norm`.
  WeightNorm.apply(module, name, dim)
/Users/tascan/Desktop/диссер/new_arch/.venv/lib/python3.14/site-packages/torch/nn/utils/weight_norm.py:144: FutureWarning: `torch.nn.utils.weight_norm` is deprecated in favor of `torch.nn.utils.parametrizations.weight_norm`.
  WeightNorm.apply(module, name, dim)
/Users/tascan/Desktop/диссер/new_arch/.venv/lib/python3.14/site-packages/torch/nn/utils/weight_norm.py:144: FutureWarning: `torch.nn.utils.weight_norm` is deprecated in favor of `torch.nn.utils.parametrizations.weight_norm`.
  WeightNorm.apply(module, name, dim)
/Users/tascan/Desktop/диссер/new_arch/.venv/lib/python3.14/site-packages/torch/nn/utils/weight_norm.py:144: FutureWarning: `torch.nn.utils.weight_norm` is deprecated in favor of `torch.nn.utils.parametrizations.weight_norm`.
  WeightNorm.apply(module, name, dim)
/Users/tascan/Desktop/диссер/new_arch/.venv/lib/python3.14/site-packages/torch/nn/utils/weight_norm.py:144: FutureWarning: `torch.nn.utils.weight_norm` is deprecated in favor of `torch.nn.utils.parametrizations.weight_norm`.
  WeightNorm.apply(module, name, dim)
[TCN1] Causal PureTCN, seq=30 строк (150 сек), RF=31
  model_id=TCN1_359b9b46  device=cpu
  target=lt1  feature_set=EMG+NIRS  with_abs=True  wavelet_mode=none
  seq_len=30  int_stride=5s  out_stride=5s
  max_epochs=40  checkpoint_every=4
  → /Users/tascan/Desktop/диссер/new_arch/results/TCN1/models.csv
  n_subjects=18  n_features=97  n_windows=4130
  fold loso_subject_S001       n=213   MAE_final=3.319 мин  params=34529  ckpts=10  (247.6s)
  fold loso_subject_S002       n=127   MAE_final=5.956 мин  params=34529  ckpts=10  (257.4s)
  fold loso_subject_S003       n=290   MAE_final=6.603 мин  params=34529  ckpts=10  (238.1s)
  fold loso_subject_S004       n=143   MAE_final=2.318 мин  params=34529  ckpts=10  (245.2s)
  fold loso_subject_S005       n=235   MAE_final=2.878 мин  params=34529  ckpts=10  (240.3s)
  fold loso_subject_S006       n=112   MAE_final=1.413 мин  params=34529  ckpts=10  (248.2s)
  fold loso_subject_S007       n=198   MAE_final=1.074 мин  params=34529  ckpts=10  (244.3s)
  fold loso_subject_S008       n=121   MAE_final=1.573 мин  params=34529  ckpts=10  (244.6s)
  fold loso_subject_S009       n=327   MAE_final=7.262 мин  params=34529  ckpts=10  (232.5s)
  fold loso_subject_S010       n=291   MAE_final=2.406 мин  params=34529  ckpts=10  (234.7s)
  fold loso_subject_S011       n=154   MAE_final=0.810 мин  params=34529  ckpts=10  (259.8s)
  fold loso_subject_S012       n=134   MAE_final=4.274 мин  params=34529  ckpts=10  (248.1s)
  fold loso_subject_S013       n=236   MAE_final=2.731 мин  params=34529  ckpts=10  (234.6s)
  fold loso_subject_S014       n=198   MAE_final=2.513 мин  params=34529  ckpts=10  (233.8s)
  fold loso_subject_S016       n=159   MAE_final=2.406 мин  params=34529  ckpts=10  (237.3s)
  fold loso_subject_S017       n=192   MAE_final=6.046 мин  params=34529  ckpts=10  (229.2s)
  fold loso_subject_S018       n=188   MAE_final=1.396 мин  params=34529  ckpts=10  (235.5s)
  fold loso_subject_S019       n=290   MAE_final=4.999 мин  params=34529  ckpts=10  (228.8s)

  Всего 18 folds, 4340.8s
  MAE по эпохам (мин):
    epoch=  4  MAE=3.600  ← best
    epoch=  8  MAE=3.662
    epoch= 12  MAE=3.627
    epoch= 16  MAE=3.626
    epoch= 20  MAE=3.625
    epoch= 24  MAE=3.623
    epoch= 28  MAE=3.621
    epoch= 32  MAE=3.617
    epoch= 36  MAE=3.637
    epoch= 40  MAE=3.635
  → /Users/tascan/Desktop/диссер/new_arch/results/TCN1/TCN1_359b9b46/history.csv  (720 строк)
  → /Users/tascan/Desktop/диссер/new_arch/results/TCN1/TCN1_359b9b46/predictions_TCN1_359b9b46.parquet  (36080 строк)
  → /Users/tascan/Desktop/диссер/new_arch/results/TCN1/TCN1_359b9b46/model_TCN1_359b9b46_epoch-*.pt  (10 файлов)
