/Users/tascan/Desktop/диссер/new_arch/.venv/lib/python3.14/site-packages/torch/nn/utils/weight_norm.py:144: FutureWarning: `torch.nn.utils.weight_norm` is deprecated in favor of `torch.nn.utils.parametrizations.weight_norm`.
  WeightNorm.apply(module, name, dim)
/Users/tascan/Desktop/диссер/new_arch/.venv/lib/python3.14/site-packages/torch/nn/utils/weight_norm.py:144: FutureWarning: `torch.nn.utils.weight_norm` is deprecated in favor of `torch.nn.utils.parametrizations.weight_norm`.
  WeightNorm.apply(module, name, dim)
/Users/tascan/Desktop/диссер/new_arch/.venv/lib/python3.14/site-packages/torch/nn/utils/weight_norm.py:144: FutureWarning: `torch.nn.utils.weight_norm` is deprecated in favor of `torch.nn.utils.parametrizations.weight_norm`.
  WeightNorm.apply(module, name, dim)
/Users/tascan/Desktop/диссер/new_arch/.venv/lib/python3.14/site-packages/torch/nn/utils/weight_norm.py:144: FutureWarning: `torch.nn.utils.weight_norm` is deprecated in favor of `torch.nn.utils.parametrizations.weight_norm`.
  WeightNorm.apply(module, name, dim)
/Users/tascan/Desktop/диссер/new_arch/.venv/lib/python3.14/site-packages/torch/nn/utils/weight_norm.py:144: FutureWarning: `torch.nn.utils.weight_norm` is deprecated in favor of `torch.nn.utils.parametrizations.weight_norm`.
  WeightNorm.apply(module, name, dim)
/Users/tascan/Desktop/диссер/new_arch/.venv/lib/python3.14/site-packages/torch/nn/utils/weight_norm.py:144: FutureWarning: `torch.nn.utils.weight_norm` is deprecated in favor of `torch.nn.utils.parametrizations.weight_norm`.
  WeightNorm.apply(module, name, dim)
/Users/tascan/Desktop/диссер/new_arch/.venv/lib/python3.14/site-packages/torch/nn/utils/weight_norm.py:144: FutureWarning: `torch.nn.utils.weight_norm` is deprecated in favor of `torch.nn.utils.parametrizations.weight_norm`.
  WeightNorm.apply(module, name, dim)
/Users/tascan/Desktop/диссер/new_arch/.venv/lib/python3.14/site-packages/torch/nn/utils/weight_norm.py:144: FutureWarning: `torch.nn.utils.weight_norm` is deprecated in favor of `torch.nn.utils.parametrizations.weight_norm`.
  WeightNorm.apply(module, name, dim)
/Users/tascan/Desktop/диссер/new_arch/.venv/lib/python3.14/site-packages/torch/nn/utils/weight_norm.py:144: FutureWarning: `torch.nn.utils.weight_norm` is deprecated in favor of `torch.nn.utils.parametrizations.weight_norm`.
  WeightNorm.apply(module, name, dim)
/Users/tascan/Desktop/диссер/new_arch/.venv/lib/python3.14/site-packages/torch/nn/utils/weight_norm.py:144: FutureWarning: `torch.nn.utils.weight_norm` is deprecated in favor of `torch.nn.utils.parametrizations.weight_norm`.
  WeightNorm.apply(module, name, dim)
/Users/tascan/Desktop/диссер/new_arch/.venv/lib/python3.14/site-packages/torch/nn/utils/weight_norm.py:144: FutureWarning: `torch.nn.utils.weight_norm` is deprecated in favor of `torch.nn.utils.parametrizations.weight_norm`.
  WeightNorm.apply(module, name, dim)
/Users/tascan/Desktop/диссер/new_arch/.venv/lib/python3.14/site-packages/torch/nn/utils/weight_norm.py:144: FutureWarning: `torch.nn.utils.weight_norm` is deprecated in favor of `torch.nn.utils.parametrizations.weight_norm`.
  WeightNorm.apply(module, name, dim)
/Users/tascan/Desktop/диссер/new_arch/.venv/lib/python3.14/site-packages/torch/nn/utils/weight_norm.py:144: FutureWarning: `torch.nn.utils.weight_norm` is deprecated in favor of `torch.nn.utils.parametrizations.weight_norm`.
  WeightNorm.apply(module, name, dim)
/Users/tascan/Desktop/диссер/new_arch/.venv/lib/python3.14/site-packages/torch/nn/utils/weight_norm.py:144: FutureWarning: `torch.nn.utils.weight_norm` is deprecated in favor of `torch.nn.utils.parametrizations.weight_norm`.
  WeightNorm.apply(module, name, dim)
/Users/tascan/Desktop/диссер/new_arch/.venv/lib/python3.14/site-packages/torch/nn/utils/weight_norm.py:144: FutureWarning: `torch.nn.utils.weight_norm` is deprecated in favor of `torch.nn.utils.parametrizations.weight_norm`.
  WeightNorm.apply(module, name, dim)
/Users/tascan/Desktop/диссер/new_arch/.venv/lib/python3.14/site-packages/torch/nn/utils/weight_norm.py:144: FutureWarning: `torch.nn.utils.weight_norm` is deprecated in favor of `torch.nn.utils.parametrizations.weight_norm`.
  WeightNorm.apply(module, name, dim)
/Users/tascan/Desktop/диссер/new_arch/.venv/lib/python3.14/site-packages/torch/nn/utils/weight_norm.py:144: FutureWarning: `torch.nn.utils.weight_norm` is deprecated in favor of `torch.nn.utils.parametrizations.weight_norm`.
  WeightNorm.apply(module, name, dim)
[TCN1] Causal PureTCN, seq=30 строк (150 сек), RF=31
  model_id=TCN1_aa09c186  device=cpu
  target=lt2  feature_set=EMG+NIRS+HRV  with_abs=True  wavelet_mode=none
  seq_len=30  int_stride=5s  out_stride=5s
  max_epochs=40  checkpoint_every=4
  → /Users/tascan/Desktop/диссер/new_arch/results/TCN1/models.csv
  n_subjects=18  n_features=107  n_windows=3651
  fold loso_subject_S001       n=179   MAE_final=2.724 мин  params=35809  ckpts=10  (212.4s)
  fold loso_subject_S002       n=125   MAE_final=1.184 мин  params=35809  ckpts=10  (213.2s)
  fold loso_subject_S003       n=242   MAE_final=4.637 мин  params=35809  ckpts=10  (210.3s)
  fold loso_subject_S004       n=140   MAE_final=2.543 мин  params=35809  ckpts=10  (218.9s)
  fold loso_subject_S005       n=211   MAE_final=3.598 мин  params=35809  ckpts=10  (211.7s)
  fold loso_subject_S006       n=110   MAE_final=1.742 мин  params=35809  ckpts=10  (218.4s)
  [skip loso_subject_S007] недостаточно test-окон
  fold loso_subject_S008       n=119   MAE_final=1.160 мин  params=35809  ckpts=10  (215.6s)
  fold loso_subject_S009       n=325   MAE_final=2.046 мин  params=35809  ckpts=10  (205.2s)
  fold loso_subject_S010       n=289   MAE_final=3.178 мин  params=35809  ckpts=10  (206.4s)
  fold loso_subject_S011       n=152   MAE_final=2.085 мин  params=35809  ckpts=10  (217.7s)
  fold loso_subject_S012       n=132   MAE_final=2.306 мин  params=35809  ckpts=10  (218.5s)
  fold loso_subject_S013       n=234   MAE_final=2.991 мин  params=35809  ckpts=10  (210.1s)
  fold loso_subject_S014       n=196   MAE_final=1.672 мин  params=35809  ckpts=10  (213.1s)
  fold loso_subject_S016       n=157   MAE_final=2.687 мин  params=35809  ckpts=10  (217.7s)
  fold loso_subject_S017       n=190   MAE_final=0.968 мин  params=35809  ckpts=10  (212.0s)
  fold loso_subject_S018       n=52    MAE_final=3.106 мин  params=35809  ckpts=10  (220.0s)
  fold loso_subject_S019       n=288   MAE_final=1.682 мин  params=35809  ckpts=10  (207.1s)

  Всего 18 folds, 3628.9s
  MAE по эпохам (мин):
    epoch=  4  MAE=2.407
    epoch=  8  MAE=2.400  ← best
    epoch= 12  MAE=2.424
    epoch= 16  MAE=2.415
    epoch= 20  MAE=2.446
    epoch= 24  MAE=2.433
    epoch= 28  MAE=2.453
    epoch= 32  MAE=2.433
    epoch= 36  MAE=2.437
    epoch= 40  MAE=2.447
  → /Users/tascan/Desktop/диссер/new_arch/results/TCN1/TCN1_aa09c186/history.csv  (680 строк)
  → /Users/tascan/Desktop/диссер/new_arch/results/TCN1/TCN1_aa09c186/predictions_TCN1_aa09c186.parquet  (31410 строк)
  → /Users/tascan/Desktop/диссер/new_arch/results/TCN1/TCN1_aa09c186/model_TCN1_aa09c186_epoch-*.pt  (10 файлов)
