/Users/tascan/Desktop/диссер/new_arch/.venv/lib/python3.14/site-packages/torch/nn/utils/weight_norm.py:144: FutureWarning: `torch.nn.utils.weight_norm` is deprecated in favor of `torch.nn.utils.parametrizations.weight_norm`.
  WeightNorm.apply(module, name, dim)
/Users/tascan/Desktop/диссер/new_arch/.venv/lib/python3.14/site-packages/torch/nn/utils/weight_norm.py:144: FutureWarning: `torch.nn.utils.weight_norm` is deprecated in favor of `torch.nn.utils.parametrizations.weight_norm`.
  WeightNorm.apply(module, name, dim)
/Users/tascan/Desktop/диссер/new_arch/.venv/lib/python3.14/site-packages/torch/nn/utils/weight_norm.py:144: FutureWarning: `torch.nn.utils.weight_norm` is deprecated in favor of `torch.nn.utils.parametrizations.weight_norm`.
  WeightNorm.apply(module, name, dim)
/Users/tascan/Desktop/диссер/new_arch/.venv/lib/python3.14/site-packages/torch/nn/utils/weight_norm.py:144: FutureWarning: `torch.nn.utils.weight_norm` is deprecated in favor of `torch.nn.utils.parametrizations.weight_norm`.
  WeightNorm.apply(module, name, dim)
/Users/tascan/Desktop/диссер/new_arch/.venv/lib/python3.14/site-packages/torch/nn/utils/weight_norm.py:144: FutureWarning: `torch.nn.utils.weight_norm` is deprecated in favor of `torch.nn.utils.parametrizations.weight_norm`.
  WeightNorm.apply(module, name, dim)
/Users/tascan/Desktop/диссер/new_arch/.venv/lib/python3.14/site-packages/torch/nn/utils/weight_norm.py:144: FutureWarning: `torch.nn.utils.weight_norm` is deprecated in favor of `torch.nn.utils.parametrizations.weight_norm`.
  WeightNorm.apply(module, name, dim)
/Users/tascan/Desktop/диссер/new_arch/.venv/lib/python3.14/site-packages/torch/nn/utils/weight_norm.py:144: FutureWarning: `torch.nn.utils.weight_norm` is deprecated in favor of `torch.nn.utils.parametrizations.weight_norm`.
  WeightNorm.apply(module, name, dim)
/Users/tascan/Desktop/диссер/new_arch/.venv/lib/python3.14/site-packages/torch/nn/utils/weight_norm.py:144: FutureWarning: `torch.nn.utils.weight_norm` is deprecated in favor of `torch.nn.utils.parametrizations.weight_norm`.
  WeightNorm.apply(module, name, dim)
/Users/tascan/Desktop/диссер/new_arch/.venv/lib/python3.14/site-packages/torch/nn/utils/weight_norm.py:144: FutureWarning: `torch.nn.utils.weight_norm` is deprecated in favor of `torch.nn.utils.parametrizations.weight_norm`.
  WeightNorm.apply(module, name, dim)
/Users/tascan/Desktop/диссер/new_arch/.venv/lib/python3.14/site-packages/torch/nn/utils/weight_norm.py:144: FutureWarning: `torch.nn.utils.weight_norm` is deprecated in favor of `torch.nn.utils.parametrizations.weight_norm`.
  WeightNorm.apply(module, name, dim)
/Users/tascan/Desktop/диссер/new_arch/.venv/lib/python3.14/site-packages/torch/nn/utils/weight_norm.py:144: FutureWarning: `torch.nn.utils.weight_norm` is deprecated in favor of `torch.nn.utils.parametrizations.weight_norm`.
  WeightNorm.apply(module, name, dim)
/Users/tascan/Desktop/диссер/new_arch/.venv/lib/python3.14/site-packages/torch/nn/utils/weight_norm.py:144: FutureWarning: `torch.nn.utils.weight_norm` is deprecated in favor of `torch.nn.utils.parametrizations.weight_norm`.
  WeightNorm.apply(module, name, dim)
/Users/tascan/Desktop/диссер/new_arch/.venv/lib/python3.14/site-packages/torch/nn/utils/weight_norm.py:144: FutureWarning: `torch.nn.utils.weight_norm` is deprecated in favor of `torch.nn.utils.parametrizations.weight_norm`.
  WeightNorm.apply(module, name, dim)
/Users/tascan/Desktop/диссер/new_arch/.venv/lib/python3.14/site-packages/torch/nn/utils/weight_norm.py:144: FutureWarning: `torch.nn.utils.weight_norm` is deprecated in favor of `torch.nn.utils.parametrizations.weight_norm`.
  WeightNorm.apply(module, name, dim)
/Users/tascan/Desktop/диссер/new_arch/.venv/lib/python3.14/site-packages/torch/nn/utils/weight_norm.py:144: FutureWarning: `torch.nn.utils.weight_norm` is deprecated in favor of `torch.nn.utils.parametrizations.weight_norm`.
  WeightNorm.apply(module, name, dim)
/Users/tascan/Desktop/диссер/new_arch/.venv/lib/python3.14/site-packages/torch/nn/utils/weight_norm.py:144: FutureWarning: `torch.nn.utils.weight_norm` is deprecated in favor of `torch.nn.utils.parametrizations.weight_norm`.
  WeightNorm.apply(module, name, dim)
/Users/tascan/Desktop/диссер/new_arch/.venv/lib/python3.14/site-packages/torch/nn/utils/weight_norm.py:144: FutureWarning: `torch.nn.utils.weight_norm` is deprecated in favor of `torch.nn.utils.parametrizations.weight_norm`.
  WeightNorm.apply(module, name, dim)
[TCN1] Causal PureTCN, seq=30 строк (150 сек), RF=31
  model_id=TCN1_df189869  device=cpu
  target=lt2  feature_set=EMG+NIRS+HRV  with_abs=False  wavelet_mode=none
  seq_len=30  int_stride=5s  out_stride=5s
  max_epochs=40  checkpoint_every=4
  → /Users/tascan/Desktop/диссер/new_arch/results/TCN1/models.csv
  n_subjects=18  n_features=101  n_windows=3651
  fold loso_subject_S001       n=179   MAE_final=3.076 мин  params=35041  ckpts=10  (213.0s)
  fold loso_subject_S002       n=125   MAE_final=1.319 мин  params=35041  ckpts=10  (217.0s)
  fold loso_subject_S003       n=242   MAE_final=4.989 мин  params=35041  ckpts=10  (210.5s)
  fold loso_subject_S004       n=140   MAE_final=3.473 мин  params=35041  ckpts=10  (217.9s)
  fold loso_subject_S005       n=211   MAE_final=4.685 мин  params=35041  ckpts=10  (211.9s)
  fold loso_subject_S006       n=110   MAE_final=2.299 мин  params=35041  ckpts=10  (217.4s)
  [skip loso_subject_S007] недостаточно test-окон
  fold loso_subject_S008       n=119   MAE_final=1.840 мин  params=35041  ckpts=10  (217.2s)
  fold loso_subject_S009       n=325   MAE_final=3.289 мин  params=35041  ckpts=10  (204.8s)
  fold loso_subject_S010       n=289   MAE_final=2.940 мин  params=35041  ckpts=10  (208.0s)
  fold loso_subject_S011       n=152   MAE_final=1.926 мин  params=35041  ckpts=10  (218.1s)
  fold loso_subject_S012       n=132   MAE_final=3.232 мин  params=35041  ckpts=10  (215.9s)
  fold loso_subject_S013       n=234   MAE_final=3.711 мин  params=35041  ckpts=10  (215.3s)
  fold loso_subject_S014       n=196   MAE_final=1.731 мин  params=35041  ckpts=10  (219.4s)
  fold loso_subject_S016       n=157   MAE_final=2.529 мин  params=35041  ckpts=10  (222.3s)
  fold loso_subject_S017       n=190   MAE_final=2.124 мин  params=35041  ckpts=10  (213.4s)
  fold loso_subject_S018       n=52    MAE_final=3.851 мин  params=35041  ckpts=10  (223.8s)
  fold loso_subject_S019       n=288   MAE_final=1.207 мин  params=35041  ckpts=10  (210.2s)

  Всего 18 folds, 3656.7s
  MAE по эпохам (мин):
    epoch=  4  MAE=2.917
    epoch=  8  MAE=2.890
    epoch= 12  MAE=2.953
    epoch= 16  MAE=2.928
    epoch= 20  MAE=2.926
    epoch= 24  MAE=2.894
    epoch= 28  MAE=2.912
    epoch= 32  MAE=2.899
    epoch= 36  MAE=2.897
    epoch= 40  MAE=2.885  ← best
  → /Users/tascan/Desktop/диссер/new_arch/results/TCN1/TCN1_df189869/history.csv  (680 строк)
  → /Users/tascan/Desktop/диссер/new_arch/results/TCN1/TCN1_df189869/predictions_TCN1_df189869.parquet  (31410 строк)
  → /Users/tascan/Desktop/диссер/new_arch/results/TCN1/TCN1_df189869/model_TCN1_df189869_epoch-*.pt  (10 файлов)
