/Users/tascan/Desktop/диссер/new_arch/.venv/lib/python3.14/site-packages/torch/nn/utils/weight_norm.py:144: FutureWarning: `torch.nn.utils.weight_norm` is deprecated in favor of `torch.nn.utils.parametrizations.weight_norm`.
  WeightNorm.apply(module, name, dim)
/Users/tascan/Desktop/диссер/new_arch/.venv/lib/python3.14/site-packages/torch/nn/utils/weight_norm.py:144: FutureWarning: `torch.nn.utils.weight_norm` is deprecated in favor of `torch.nn.utils.parametrizations.weight_norm`.
  WeightNorm.apply(module, name, dim)
/Users/tascan/Desktop/диссер/new_arch/.venv/lib/python3.14/site-packages/torch/nn/utils/weight_norm.py:144: FutureWarning: `torch.nn.utils.weight_norm` is deprecated in favor of `torch.nn.utils.parametrizations.weight_norm`.
  WeightNorm.apply(module, name, dim)
/Users/tascan/Desktop/диссер/new_arch/.venv/lib/python3.14/site-packages/torch/nn/utils/weight_norm.py:144: FutureWarning: `torch.nn.utils.weight_norm` is deprecated in favor of `torch.nn.utils.parametrizations.weight_norm`.
  WeightNorm.apply(module, name, dim)
/Users/tascan/Desktop/диссер/new_arch/.venv/lib/python3.14/site-packages/torch/nn/utils/weight_norm.py:144: FutureWarning: `torch.nn.utils.weight_norm` is deprecated in favor of `torch.nn.utils.parametrizations.weight_norm`.
  WeightNorm.apply(module, name, dim)
/Users/tascan/Desktop/диссер/new_arch/.venv/lib/python3.14/site-packages/torch/nn/utils/weight_norm.py:144: FutureWarning: `torch.nn.utils.weight_norm` is deprecated in favor of `torch.nn.utils.parametrizations.weight_norm`.
  WeightNorm.apply(module, name, dim)
/Users/tascan/Desktop/диссер/new_arch/.venv/lib/python3.14/site-packages/torch/nn/utils/weight_norm.py:144: FutureWarning: `torch.nn.utils.weight_norm` is deprecated in favor of `torch.nn.utils.parametrizations.weight_norm`.
  WeightNorm.apply(module, name, dim)
/Users/tascan/Desktop/диссер/new_arch/.venv/lib/python3.14/site-packages/torch/nn/utils/weight_norm.py:144: FutureWarning: `torch.nn.utils.weight_norm` is deprecated in favor of `torch.nn.utils.parametrizations.weight_norm`.
  WeightNorm.apply(module, name, dim)
/Users/tascan/Desktop/диссер/new_arch/.venv/lib/python3.14/site-packages/torch/nn/utils/weight_norm.py:144: FutureWarning: `torch.nn.utils.weight_norm` is deprecated in favor of `torch.nn.utils.parametrizations.weight_norm`.
  WeightNorm.apply(module, name, dim)
/Users/tascan/Desktop/диссер/new_arch/.venv/lib/python3.14/site-packages/torch/nn/utils/weight_norm.py:144: FutureWarning: `torch.nn.utils.weight_norm` is deprecated in favor of `torch.nn.utils.parametrizations.weight_norm`.
  WeightNorm.apply(module, name, dim)
/Users/tascan/Desktop/диссер/new_arch/.venv/lib/python3.14/site-packages/torch/nn/utils/weight_norm.py:144: FutureWarning: `torch.nn.utils.weight_norm` is deprecated in favor of `torch.nn.utils.parametrizations.weight_norm`.
  WeightNorm.apply(module, name, dim)
/Users/tascan/Desktop/диссер/new_arch/.venv/lib/python3.14/site-packages/torch/nn/utils/weight_norm.py:144: FutureWarning: `torch.nn.utils.weight_norm` is deprecated in favor of `torch.nn.utils.parametrizations.weight_norm`.
  WeightNorm.apply(module, name, dim)
/Users/tascan/Desktop/диссер/new_arch/.venv/lib/python3.14/site-packages/torch/nn/utils/weight_norm.py:144: FutureWarning: `torch.nn.utils.weight_norm` is deprecated in favor of `torch.nn.utils.parametrizations.weight_norm`.
  WeightNorm.apply(module, name, dim)
/Users/tascan/Desktop/диссер/new_arch/.venv/lib/python3.14/site-packages/torch/nn/utils/weight_norm.py:144: FutureWarning: `torch.nn.utils.weight_norm` is deprecated in favor of `torch.nn.utils.parametrizations.weight_norm`.
  WeightNorm.apply(module, name, dim)
/Users/tascan/Desktop/диссер/new_arch/.venv/lib/python3.14/site-packages/torch/nn/utils/weight_norm.py:144: FutureWarning: `torch.nn.utils.weight_norm` is deprecated in favor of `torch.nn.utils.parametrizations.weight_norm`.
  WeightNorm.apply(module, name, dim)
/Users/tascan/Desktop/диссер/new_arch/.venv/lib/python3.14/site-packages/torch/nn/utils/weight_norm.py:144: FutureWarning: `torch.nn.utils.weight_norm` is deprecated in favor of `torch.nn.utils.parametrizations.weight_norm`.
  WeightNorm.apply(module, name, dim)
/Users/tascan/Desktop/диссер/new_arch/.venv/lib/python3.14/site-packages/torch/nn/utils/weight_norm.py:144: FutureWarning: `torch.nn.utils.weight_norm` is deprecated in favor of `torch.nn.utils.parametrizations.weight_norm`.
  WeightNorm.apply(module, name, dim)
/Users/tascan/Desktop/диссер/new_arch/.venv/lib/python3.14/site-packages/torch/nn/utils/weight_norm.py:144: FutureWarning: `torch.nn.utils.weight_norm` is deprecated in favor of `torch.nn.utils.parametrizations.weight_norm`.
  WeightNorm.apply(module, name, dim)
[TCN2] Causal MediumTCN, seq=60 строк (300 сек), RF=63
  model_id=TCN2_866dd95f  device=cpu
  target=lt1  feature_set=EMG+NIRS  with_abs=False  wavelet_mode=none
  seq_len=60  int_stride=5s  out_stride=5s
  max_epochs=40  checkpoint_every=4
  → /Users/tascan/Desktop/диссер/new_arch/results/TCN2/models.csv
  n_subjects=18  n_features=93  n_windows=4130
  fold loso_subject_S001       n=183   MAE_final=2.049 мин  params=40289  ckpts=10  (291.2s)
  fold loso_subject_S002       n=97    MAE_final=5.132 мин  params=40289  ckpts=10  (297.3s)
  fold loso_subject_S003       n=260   MAE_final=4.863 мин  params=40289  ckpts=10  (282.9s)
  fold loso_subject_S004       n=113   MAE_final=1.548 мин  params=40289  ckpts=10  (294.3s)
  fold loso_subject_S005       n=205   MAE_final=5.504 мин  params=40289  ckpts=10  (286.1s)
  fold loso_subject_S006       n=82    MAE_final=3.530 мин  params=40289  ckpts=10  (301.5s)
  fold loso_subject_S007       n=168   MAE_final=1.336 мин  params=40289  ckpts=10  (291.5s)
  fold loso_subject_S008       n=91    MAE_final=2.630 мин  params=40289  ckpts=10  (296.2s)
  fold loso_subject_S009       n=297   MAE_final=9.188 мин  params=40289  ckpts=10  (282.3s)
  fold loso_subject_S010       n=261   MAE_final=2.032 мин  params=40289  ckpts=10  (281.8s)
  fold loso_subject_S011       n=124   MAE_final=0.948 мин  params=40289  ckpts=10  (292.7s)
  fold loso_subject_S012       n=104   MAE_final=3.865 мин  params=40289  ckpts=10  (298.2s)
  fold loso_subject_S013       n=206   MAE_final=3.599 мин  params=40289  ckpts=10  (292.9s)
  fold loso_subject_S014       n=168   MAE_final=2.441 мин  params=40289  ckpts=10  (293.9s)
  fold loso_subject_S016       n=129   MAE_final=3.922 мин  params=40289  ckpts=10  (298.6s)
  fold loso_subject_S017       n=162   MAE_final=4.687 мин  params=40289  ckpts=10  (295.5s)
  fold loso_subject_S018       n=158   MAE_final=0.719 мин  params=40289  ckpts=10  (293.9s)
  fold loso_subject_S019       n=260   MAE_final=5.725 мин  params=40289  ckpts=10  (284.0s)

  Всего 18 folds, 5255.3s
  MAE по эпохам (мин):
    epoch=  4  MAE=3.998
    epoch=  8  MAE=4.037
    epoch= 12  MAE=3.908  ← best
    epoch= 16  MAE=3.984
    epoch= 20  MAE=3.938
    epoch= 24  MAE=3.927
    epoch= 28  MAE=3.931
    epoch= 32  MAE=3.912
    epoch= 36  MAE=3.921
    epoch= 40  MAE=3.909
  → /Users/tascan/Desktop/диссер/new_arch/results/TCN2/TCN2_866dd95f/history.csv  (720 строк)
  → /Users/tascan/Desktop/диссер/new_arch/results/TCN2/TCN2_866dd95f/predictions_TCN2_866dd95f.parquet  (30680 строк)
  → /Users/tascan/Desktop/диссер/new_arch/results/TCN2/TCN2_866dd95f/model_TCN2_866dd95f_epoch-*.pt  (10 файлов)
