/Users/tascan/Desktop/диссер/new_arch/.venv/lib/python3.14/site-packages/torch/nn/utils/weight_norm.py:144: FutureWarning: `torch.nn.utils.weight_norm` is deprecated in favor of `torch.nn.utils.parametrizations.weight_norm`.
  WeightNorm.apply(module, name, dim)
/Users/tascan/Desktop/диссер/new_arch/.venv/lib/python3.14/site-packages/torch/nn/utils/weight_norm.py:144: FutureWarning: `torch.nn.utils.weight_norm` is deprecated in favor of `torch.nn.utils.parametrizations.weight_norm`.
  WeightNorm.apply(module, name, dim)
/Users/tascan/Desktop/диссер/new_arch/.venv/lib/python3.14/site-packages/torch/nn/utils/weight_norm.py:144: FutureWarning: `torch.nn.utils.weight_norm` is deprecated in favor of `torch.nn.utils.parametrizations.weight_norm`.
  WeightNorm.apply(module, name, dim)
/Users/tascan/Desktop/диссер/new_arch/.venv/lib/python3.14/site-packages/torch/nn/utils/weight_norm.py:144: FutureWarning: `torch.nn.utils.weight_norm` is deprecated in favor of `torch.nn.utils.parametrizations.weight_norm`.
  WeightNorm.apply(module, name, dim)
/Users/tascan/Desktop/диссер/new_arch/.venv/lib/python3.14/site-packages/torch/nn/utils/weight_norm.py:144: FutureWarning: `torch.nn.utils.weight_norm` is deprecated in favor of `torch.nn.utils.parametrizations.weight_norm`.
  WeightNorm.apply(module, name, dim)
/Users/tascan/Desktop/диссер/new_arch/.venv/lib/python3.14/site-packages/torch/nn/utils/weight_norm.py:144: FutureWarning: `torch.nn.utils.weight_norm` is deprecated in favor of `torch.nn.utils.parametrizations.weight_norm`.
  WeightNorm.apply(module, name, dim)
/Users/tascan/Desktop/диссер/new_arch/.venv/lib/python3.14/site-packages/torch/nn/utils/weight_norm.py:144: FutureWarning: `torch.nn.utils.weight_norm` is deprecated in favor of `torch.nn.utils.parametrizations.weight_norm`.
  WeightNorm.apply(module, name, dim)
/Users/tascan/Desktop/диссер/new_arch/.venv/lib/python3.14/site-packages/torch/nn/utils/weight_norm.py:144: FutureWarning: `torch.nn.utils.weight_norm` is deprecated in favor of `torch.nn.utils.parametrizations.weight_norm`.
  WeightNorm.apply(module, name, dim)
/Users/tascan/Desktop/диссер/new_arch/.venv/lib/python3.14/site-packages/torch/nn/utils/weight_norm.py:144: FutureWarning: `torch.nn.utils.weight_norm` is deprecated in favor of `torch.nn.utils.parametrizations.weight_norm`.
  WeightNorm.apply(module, name, dim)
/Users/tascan/Desktop/диссер/new_arch/.venv/lib/python3.14/site-packages/torch/nn/utils/weight_norm.py:144: FutureWarning: `torch.nn.utils.weight_norm` is deprecated in favor of `torch.nn.utils.parametrizations.weight_norm`.
  WeightNorm.apply(module, name, dim)
/Users/tascan/Desktop/диссер/new_arch/.venv/lib/python3.14/site-packages/torch/nn/utils/weight_norm.py:144: FutureWarning: `torch.nn.utils.weight_norm` is deprecated in favor of `torch.nn.utils.parametrizations.weight_norm`.
  WeightNorm.apply(module, name, dim)
/Users/tascan/Desktop/диссер/new_arch/.venv/lib/python3.14/site-packages/torch/nn/utils/weight_norm.py:144: FutureWarning: `torch.nn.utils.weight_norm` is deprecated in favor of `torch.nn.utils.parametrizations.weight_norm`.
  WeightNorm.apply(module, name, dim)
/Users/tascan/Desktop/диссер/new_arch/.venv/lib/python3.14/site-packages/torch/nn/utils/weight_norm.py:144: FutureWarning: `torch.nn.utils.weight_norm` is deprecated in favor of `torch.nn.utils.parametrizations.weight_norm`.
  WeightNorm.apply(module, name, dim)
/Users/tascan/Desktop/диссер/new_arch/.venv/lib/python3.14/site-packages/torch/nn/utils/weight_norm.py:144: FutureWarning: `torch.nn.utils.weight_norm` is deprecated in favor of `torch.nn.utils.parametrizations.weight_norm`.
  WeightNorm.apply(module, name, dim)
/Users/tascan/Desktop/диссер/new_arch/.venv/lib/python3.14/site-packages/torch/nn/utils/weight_norm.py:144: FutureWarning: `torch.nn.utils.weight_norm` is deprecated in favor of `torch.nn.utils.parametrizations.weight_norm`.
  WeightNorm.apply(module, name, dim)
/Users/tascan/Desktop/диссер/new_arch/.venv/lib/python3.14/site-packages/torch/nn/utils/weight_norm.py:144: FutureWarning: `torch.nn.utils.weight_norm` is deprecated in favor of `torch.nn.utils.parametrizations.weight_norm`.
  WeightNorm.apply(module, name, dim)
/Users/tascan/Desktop/диссер/new_arch/.venv/lib/python3.14/site-packages/torch/nn/utils/weight_norm.py:144: FutureWarning: `torch.nn.utils.weight_norm` is deprecated in favor of `torch.nn.utils.parametrizations.weight_norm`.
  WeightNorm.apply(module, name, dim)
/Users/tascan/Desktop/диссер/new_arch/.venv/lib/python3.14/site-packages/torch/nn/utils/weight_norm.py:144: FutureWarning: `torch.nn.utils.weight_norm` is deprecated in favor of `torch.nn.utils.parametrizations.weight_norm`.
  WeightNorm.apply(module, name, dim)
[TCN3] Causal DWT-TCN, seq=30 (Haar DWT → cA/cD ветви)
  model_id=TCN3_cc08d40e  device=cpu
  target=lt1  feature_set=EMG+NIRS  with_abs=False  wavelet_mode=dwt
  seq_len=30  int_stride=5s  out_stride=5s
  max_epochs=40  checkpoint_every=4
  → /Users/tascan/Desktop/диссер/new_arch/results/TCN3/models.csv
  n_subjects=18  n_features=93  n_windows=4130
  fold loso_subject_S001       n=213   MAE_final=2.549 мин  params=20065  ckpts=10  (346.8s)
  fold loso_subject_S002       n=127   MAE_final=3.139 мин  params=20065  ckpts=10  (347.6s)
  fold loso_subject_S003       n=290   MAE_final=6.281 мин  params=20065  ckpts=10  (337.4s)
  fold loso_subject_S004       n=143   MAE_final=1.393 мин  params=20065  ckpts=10  (349.0s)
  fold loso_subject_S005       n=235   MAE_final=4.587 мин  params=20065  ckpts=10  (327.7s)
  fold loso_subject_S006       n=112   MAE_final=1.078 мин  params=20065  ckpts=10  (334.2s)
  fold loso_subject_S007       n=198   MAE_final=1.421 мин  params=20065  ckpts=10  (330.2s)
  fold loso_subject_S008       n=121   MAE_final=2.194 мин  params=20065  ckpts=10  (330.8s)
  fold loso_subject_S009       n=327   MAE_final=11.238 мин  params=20065  ckpts=10  (313.9s)
  fold loso_subject_S010       n=291   MAE_final=2.615 мин  params=20065  ckpts=10  (317.2s)
  fold loso_subject_S011       n=154   MAE_final=0.691 мин  params=20065  ckpts=10  (330.8s)
  fold loso_subject_S012       n=134   MAE_final=3.439 мин  params=20065  ckpts=10  (332.1s)
  fold loso_subject_S013       n=236   MAE_final=3.751 мин  params=20065  ckpts=10  (324.5s)
  fold loso_subject_S014       n=198   MAE_final=3.027 мин  params=20065  ckpts=10  (327.8s)
  fold loso_subject_S016       n=159   MAE_final=2.378 мин  params=20065  ckpts=10  (330.4s)
  fold loso_subject_S017       n=192   MAE_final=2.982 мин  params=20065  ckpts=10  (327.6s)
  fold loso_subject_S018       n=188   MAE_final=1.249 мин  params=20065  ckpts=10  (327.1s)
  fold loso_subject_S019       n=290   MAE_final=5.265 мин  params=20065  ckpts=10  (322.5s)

  Всего 18 folds, 5958.0s
  MAE по эпохам (мин):
    epoch=  4  MAE=3.924
    epoch=  8  MAE=3.917
    epoch= 12  MAE=3.973
    epoch= 16  MAE=3.868
    epoch= 20  MAE=3.880
    epoch= 24  MAE=3.875
    epoch= 28  MAE=3.873
    epoch= 32  MAE=3.877
    epoch= 36  MAE=3.867
    epoch= 40  MAE=3.855  ← best
  → /Users/tascan/Desktop/диссер/new_arch/results/TCN3/TCN3_cc08d40e/history.csv  (720 строк)
  → /Users/tascan/Desktop/диссер/new_arch/results/TCN3/TCN3_cc08d40e/predictions_TCN3_cc08d40e.parquet  (36080 строк)
  → /Users/tascan/Desktop/диссер/new_arch/results/TCN3/TCN3_cc08d40e/model_TCN3_cc08d40e_epoch-*.pt  (10 файлов)
