/Users/tascan/Desktop/диссер/new_arch/.venv/lib/python3.14/site-packages/torch/nn/utils/weight_norm.py:144: FutureWarning: `torch.nn.utils.weight_norm` is deprecated in favor of `torch.nn.utils.parametrizations.weight_norm`.
  WeightNorm.apply(module, name, dim)
/Users/tascan/Desktop/диссер/new_arch/.venv/lib/python3.14/site-packages/torch/nn/utils/weight_norm.py:144: FutureWarning: `torch.nn.utils.weight_norm` is deprecated in favor of `torch.nn.utils.parametrizations.weight_norm`.
  WeightNorm.apply(module, name, dim)
/Users/tascan/Desktop/диссер/new_arch/.venv/lib/python3.14/site-packages/torch/nn/utils/weight_norm.py:144: FutureWarning: `torch.nn.utils.weight_norm` is deprecated in favor of `torch.nn.utils.parametrizations.weight_norm`.
  WeightNorm.apply(module, name, dim)
/Users/tascan/Desktop/диссер/new_arch/.venv/lib/python3.14/site-packages/torch/nn/utils/weight_norm.py:144: FutureWarning: `torch.nn.utils.weight_norm` is deprecated in favor of `torch.nn.utils.parametrizations.weight_norm`.
  WeightNorm.apply(module, name, dim)
/Users/tascan/Desktop/диссер/new_arch/.venv/lib/python3.14/site-packages/torch/nn/utils/weight_norm.py:144: FutureWarning: `torch.nn.utils.weight_norm` is deprecated in favor of `torch.nn.utils.parametrizations.weight_norm`.
  WeightNorm.apply(module, name, dim)
/Users/tascan/Desktop/диссер/new_arch/.venv/lib/python3.14/site-packages/torch/nn/utils/weight_norm.py:144: FutureWarning: `torch.nn.utils.weight_norm` is deprecated in favor of `torch.nn.utils.parametrizations.weight_norm`.
  WeightNorm.apply(module, name, dim)
/Users/tascan/Desktop/диссер/new_arch/.venv/lib/python3.14/site-packages/torch/nn/utils/weight_norm.py:144: FutureWarning: `torch.nn.utils.weight_norm` is deprecated in favor of `torch.nn.utils.parametrizations.weight_norm`.
  WeightNorm.apply(module, name, dim)
/Users/tascan/Desktop/диссер/new_arch/.venv/lib/python3.14/site-packages/torch/nn/utils/weight_norm.py:144: FutureWarning: `torch.nn.utils.weight_norm` is deprecated in favor of `torch.nn.utils.parametrizations.weight_norm`.
  WeightNorm.apply(module, name, dim)
/Users/tascan/Desktop/диссер/new_arch/.venv/lib/python3.14/site-packages/torch/nn/utils/weight_norm.py:144: FutureWarning: `torch.nn.utils.weight_norm` is deprecated in favor of `torch.nn.utils.parametrizations.weight_norm`.
  WeightNorm.apply(module, name, dim)
/Users/tascan/Desktop/диссер/new_arch/.venv/lib/python3.14/site-packages/torch/nn/utils/weight_norm.py:144: FutureWarning: `torch.nn.utils.weight_norm` is deprecated in favor of `torch.nn.utils.parametrizations.weight_norm`.
  WeightNorm.apply(module, name, dim)
/Users/tascan/Desktop/диссер/new_arch/.venv/lib/python3.14/site-packages/torch/nn/utils/weight_norm.py:144: FutureWarning: `torch.nn.utils.weight_norm` is deprecated in favor of `torch.nn.utils.parametrizations.weight_norm`.
  WeightNorm.apply(module, name, dim)
/Users/tascan/Desktop/диссер/new_arch/.venv/lib/python3.14/site-packages/torch/nn/utils/weight_norm.py:144: FutureWarning: `torch.nn.utils.weight_norm` is deprecated in favor of `torch.nn.utils.parametrizations.weight_norm`.
  WeightNorm.apply(module, name, dim)
/Users/tascan/Desktop/диссер/new_arch/.venv/lib/python3.14/site-packages/torch/nn/utils/weight_norm.py:144: FutureWarning: `torch.nn.utils.weight_norm` is deprecated in favor of `torch.nn.utils.parametrizations.weight_norm`.
  WeightNorm.apply(module, name, dim)
/Users/tascan/Desktop/диссер/new_arch/.venv/lib/python3.14/site-packages/torch/nn/utils/weight_norm.py:144: FutureWarning: `torch.nn.utils.weight_norm` is deprecated in favor of `torch.nn.utils.parametrizations.weight_norm`.
  WeightNorm.apply(module, name, dim)
/Users/tascan/Desktop/диссер/new_arch/.venv/lib/python3.14/site-packages/torch/nn/utils/weight_norm.py:144: FutureWarning: `torch.nn.utils.weight_norm` is deprecated in favor of `torch.nn.utils.parametrizations.weight_norm`.
  WeightNorm.apply(module, name, dim)
/Users/tascan/Desktop/диссер/new_arch/.venv/lib/python3.14/site-packages/torch/nn/utils/weight_norm.py:144: FutureWarning: `torch.nn.utils.weight_norm` is deprecated in favor of `torch.nn.utils.parametrizations.weight_norm`.
  WeightNorm.apply(module, name, dim)
/Users/tascan/Desktop/диссер/new_arch/.venv/lib/python3.14/site-packages/torch/nn/utils/weight_norm.py:144: FutureWarning: `torch.nn.utils.weight_norm` is deprecated in favor of `torch.nn.utils.parametrizations.weight_norm`.
  WeightNorm.apply(module, name, dim)
/Users/tascan/Desktop/диссер/new_arch/.venv/lib/python3.14/site-packages/torch/nn/utils/weight_norm.py:144: FutureWarning: `torch.nn.utils.weight_norm` is deprecated in favor of `torch.nn.utils.parametrizations.weight_norm`.
  WeightNorm.apply(module, name, dim)
[TCN3] Causal DWT-TCN, seq=30 (Haar DWT → cA/cD ветви)
  model_id=TCN3_86cfaf0d  device=cpu
  target=lt1  feature_set=EMG  with_abs=True  wavelet_mode=dwt
  seq_len=30  int_stride=5s  out_stride=5s
  max_epochs=40  checkpoint_every=4
  → /Users/tascan/Desktop/диссер/new_arch/results/TCN3/models.csv
  n_subjects=18  n_features=79  n_windows=4130
  fold loso_subject_S001       n=213   MAE_final=1.927 мин  params=18273  ckpts=10  (334.9s)
  fold loso_subject_S002       n=127   MAE_final=4.906 мин  params=18273  ckpts=10  (326.7s)
  fold loso_subject_S003       n=290   MAE_final=6.448 мин  params=18273  ckpts=10  (317.5s)
  fold loso_subject_S004       n=143   MAE_final=3.489 мин  params=18273  ckpts=10  (328.8s)
  fold loso_subject_S005       n=235   MAE_final=4.420 мин  params=18273  ckpts=10  (320.1s)
  fold loso_subject_S006       n=112   MAE_final=1.476 мин  params=18273  ckpts=10  (321.7s)
  fold loso_subject_S007       n=198   MAE_final=3.471 мин  params=18273  ckpts=10  (308.6s)
  fold loso_subject_S008       n=121   MAE_final=3.362 мин  params=18273  ckpts=10  (315.9s)
  fold loso_subject_S009       n=327   MAE_final=12.703 мин  params=18273  ckpts=10  (300.0s)
  fold loso_subject_S010       n=291   MAE_final=4.175 мин  params=18273  ckpts=10  (302.1s)
  fold loso_subject_S011       n=154   MAE_final=0.789 мин  params=18273  ckpts=10  (314.4s)
  fold loso_subject_S012       n=134   MAE_final=1.894 мин  params=18273  ckpts=10  (315.9s)
  fold loso_subject_S013       n=236   MAE_final=4.511 мин  params=18273  ckpts=10  (308.3s)
  fold loso_subject_S014       n=198   MAE_final=3.625 мин  params=18273  ckpts=10  (308.8s)
  fold loso_subject_S016       n=159   MAE_final=1.101 мин  params=18273  ckpts=10  (311.2s)
  fold loso_subject_S017       n=192   MAE_final=1.445 мин  params=18273  ckpts=10  (312.0s)
  fold loso_subject_S018       n=188   MAE_final=0.924 мин  params=18273  ckpts=10  (310.1s)
  fold loso_subject_S019       n=290   MAE_final=3.712 мин  params=18273  ckpts=10  (304.5s)

  Всего 18 folds, 5662.0s
  MAE по эпохам (мин):
    epoch=  4  MAE=4.387
    epoch=  8  MAE=4.195
    epoch= 12  MAE=4.171
    epoch= 16  MAE=4.162
    epoch= 20  MAE=4.152
    epoch= 24  MAE=4.111  ← best
    epoch= 28  MAE=4.155
    epoch= 32  MAE=4.143
    epoch= 36  MAE=4.133
    epoch= 40  MAE=4.138
  → /Users/tascan/Desktop/диссер/new_arch/results/TCN3/TCN3_86cfaf0d/history.csv  (720 строк)
  → /Users/tascan/Desktop/диссер/new_arch/results/TCN3/TCN3_86cfaf0d/predictions_TCN3_86cfaf0d.parquet  (36080 строк)
  → /Users/tascan/Desktop/диссер/new_arch/results/TCN3/TCN3_86cfaf0d/model_TCN3_86cfaf0d_epoch-*.pt  (10 файлов)
