/Users/tascan/Desktop/диссер/new_arch/.venv/lib/python3.14/site-packages/torch/nn/utils/weight_norm.py:144: FutureWarning: `torch.nn.utils.weight_norm` is deprecated in favor of `torch.nn.utils.parametrizations.weight_norm`.
  WeightNorm.apply(module, name, dim)
/Users/tascan/Desktop/диссер/new_arch/.venv/lib/python3.14/site-packages/torch/nn/utils/weight_norm.py:144: FutureWarning: `torch.nn.utils.weight_norm` is deprecated in favor of `torch.nn.utils.parametrizations.weight_norm`.
  WeightNorm.apply(module, name, dim)
/Users/tascan/Desktop/диссер/new_arch/.venv/lib/python3.14/site-packages/torch/nn/utils/weight_norm.py:144: FutureWarning: `torch.nn.utils.weight_norm` is deprecated in favor of `torch.nn.utils.parametrizations.weight_norm`.
  WeightNorm.apply(module, name, dim)
/Users/tascan/Desktop/диссер/new_arch/.venv/lib/python3.14/site-packages/torch/nn/utils/weight_norm.py:144: FutureWarning: `torch.nn.utils.weight_norm` is deprecated in favor of `torch.nn.utils.parametrizations.weight_norm`.
  WeightNorm.apply(module, name, dim)
/Users/tascan/Desktop/диссер/new_arch/.venv/lib/python3.14/site-packages/torch/nn/utils/weight_norm.py:144: FutureWarning: `torch.nn.utils.weight_norm` is deprecated in favor of `torch.nn.utils.parametrizations.weight_norm`.
  WeightNorm.apply(module, name, dim)
/Users/tascan/Desktop/диссер/new_arch/.venv/lib/python3.14/site-packages/torch/nn/utils/weight_norm.py:144: FutureWarning: `torch.nn.utils.weight_norm` is deprecated in favor of `torch.nn.utils.parametrizations.weight_norm`.
  WeightNorm.apply(module, name, dim)
/Users/tascan/Desktop/диссер/new_arch/.venv/lib/python3.14/site-packages/torch/nn/utils/weight_norm.py:144: FutureWarning: `torch.nn.utils.weight_norm` is deprecated in favor of `torch.nn.utils.parametrizations.weight_norm`.
  WeightNorm.apply(module, name, dim)
/Users/tascan/Desktop/диссер/new_arch/.venv/lib/python3.14/site-packages/torch/nn/utils/weight_norm.py:144: FutureWarning: `torch.nn.utils.weight_norm` is deprecated in favor of `torch.nn.utils.parametrizations.weight_norm`.
  WeightNorm.apply(module, name, dim)
/Users/tascan/Desktop/диссер/new_arch/.venv/lib/python3.14/site-packages/torch/nn/utils/weight_norm.py:144: FutureWarning: `torch.nn.utils.weight_norm` is deprecated in favor of `torch.nn.utils.parametrizations.weight_norm`.
  WeightNorm.apply(module, name, dim)
/Users/tascan/Desktop/диссер/new_arch/.venv/lib/python3.14/site-packages/torch/nn/utils/weight_norm.py:144: FutureWarning: `torch.nn.utils.weight_norm` is deprecated in favor of `torch.nn.utils.parametrizations.weight_norm`.
  WeightNorm.apply(module, name, dim)
/Users/tascan/Desktop/диссер/new_arch/.venv/lib/python3.14/site-packages/torch/nn/utils/weight_norm.py:144: FutureWarning: `torch.nn.utils.weight_norm` is deprecated in favor of `torch.nn.utils.parametrizations.weight_norm`.
  WeightNorm.apply(module, name, dim)
/Users/tascan/Desktop/диссер/new_arch/.venv/lib/python3.14/site-packages/torch/nn/utils/weight_norm.py:144: FutureWarning: `torch.nn.utils.weight_norm` is deprecated in favor of `torch.nn.utils.parametrizations.weight_norm`.
  WeightNorm.apply(module, name, dim)
/Users/tascan/Desktop/диссер/new_arch/.venv/lib/python3.14/site-packages/torch/nn/utils/weight_norm.py:144: FutureWarning: `torch.nn.utils.weight_norm` is deprecated in favor of `torch.nn.utils.parametrizations.weight_norm`.
  WeightNorm.apply(module, name, dim)
/Users/tascan/Desktop/диссер/new_arch/.venv/lib/python3.14/site-packages/torch/nn/utils/weight_norm.py:144: FutureWarning: `torch.nn.utils.weight_norm` is deprecated in favor of `torch.nn.utils.parametrizations.weight_norm`.
  WeightNorm.apply(module, name, dim)
/Users/tascan/Desktop/диссер/new_arch/.venv/lib/python3.14/site-packages/torch/nn/utils/weight_norm.py:144: FutureWarning: `torch.nn.utils.weight_norm` is deprecated in favor of `torch.nn.utils.parametrizations.weight_norm`.
  WeightNorm.apply(module, name, dim)
/Users/tascan/Desktop/диссер/new_arch/.venv/lib/python3.14/site-packages/torch/nn/utils/weight_norm.py:144: FutureWarning: `torch.nn.utils.weight_norm` is deprecated in favor of `torch.nn.utils.parametrizations.weight_norm`.
  WeightNorm.apply(module, name, dim)
/Users/tascan/Desktop/диссер/new_arch/.venv/lib/python3.14/site-packages/torch/nn/utils/weight_norm.py:144: FutureWarning: `torch.nn.utils.weight_norm` is deprecated in favor of `torch.nn.utils.parametrizations.weight_norm`.
  WeightNorm.apply(module, name, dim)
/Users/tascan/Desktop/диссер/new_arch/.venv/lib/python3.14/site-packages/torch/nn/utils/weight_norm.py:144: FutureWarning: `torch.nn.utils.weight_norm` is deprecated in favor of `torch.nn.utils.parametrizations.weight_norm`.
  WeightNorm.apply(module, name, dim)
[TCN3] Causal DWT-TCN, seq=30 (Haar DWT → cA/cD ветви)
  model_id=TCN3_4e6da531  device=cpu
  target=lt1  feature_set=EMG+NIRS+HRV  with_abs=False  wavelet_mode=dwt
  seq_len=30  int_stride=5s  out_stride=5s
  max_epochs=40  checkpoint_every=4
  → /Users/tascan/Desktop/диссер/new_arch/results/TCN3/models.csv
  n_subjects=18  n_features=101  n_windows=4130
  fold loso_subject_S001       n=213   MAE_final=3.953 мин  params=21089  ckpts=10  (342.3s)
  fold loso_subject_S002       n=127   MAE_final=2.444 мин  params=21089  ckpts=10  (348.9s)
  fold loso_subject_S003       n=290   MAE_final=7.614 мин  params=21089  ckpts=10  (332.9s)
  fold loso_subject_S004       n=143   MAE_final=1.684 мин  params=21089  ckpts=10  (343.4s)
  fold loso_subject_S005       n=235   MAE_final=2.866 мин  params=21089  ckpts=10  (339.1s)
  fold loso_subject_S006       n=112   MAE_final=1.530 мин  params=21089  ckpts=10  (347.1s)
  fold loso_subject_S007       n=198   MAE_final=1.981 мин  params=21089  ckpts=10  (342.5s)
  fold loso_subject_S008       n=121   MAE_final=1.290 мин  params=21089  ckpts=10  (348.3s)
  fold loso_subject_S009       n=327   MAE_final=6.483 мин  params=21089  ckpts=10  (328.3s)
  fold loso_subject_S010       n=291   MAE_final=4.154 мин  params=21089  ckpts=10  (334.8s)
  fold loso_subject_S011       n=154   MAE_final=1.054 мин  params=21089  ckpts=10  (344.5s)
  fold loso_subject_S012       n=134   MAE_final=5.401 мин  params=21089  ckpts=10  (349.9s)
  fold loso_subject_S013       n=236   MAE_final=2.076 мин  params=21089  ckpts=10  (336.0s)
  fold loso_subject_S014       n=198   MAE_final=2.600 мин  params=21089  ckpts=10  (335.4s)
  fold loso_subject_S016       n=159   MAE_final=3.388 мин  params=21089  ckpts=10  (354.7s)
  fold loso_subject_S017       n=192   MAE_final=2.971 мин  params=21089  ckpts=10  (355.8s)
  fold loso_subject_S018       n=188   MAE_final=1.735 мин  params=21089  ckpts=10  (357.5s)
  fold loso_subject_S019       n=290   MAE_final=1.719 мин  params=21089  ckpts=10  (344.5s)

  Всего 18 folds, 6186.2s
  MAE по эпохам (мин):
    epoch=  4  MAE=3.446
    epoch=  8  MAE=3.492
    epoch= 12  MAE=3.441
    epoch= 16  MAE=3.401
    epoch= 20  MAE=3.373
    epoch= 24  MAE=3.394
    epoch= 28  MAE=3.363  ← best
    epoch= 32  MAE=3.369
    epoch= 36  MAE=3.386
    epoch= 40  MAE=3.367
  → /Users/tascan/Desktop/диссер/new_arch/results/TCN3/TCN3_4e6da531/history.csv  (720 строк)
  → /Users/tascan/Desktop/диссер/new_arch/results/TCN3/TCN3_4e6da531/predictions_TCN3_4e6da531.parquet  (36080 строк)
  → /Users/tascan/Desktop/диссер/new_arch/results/TCN3/TCN3_4e6da531/model_TCN3_4e6da531_epoch-*.pt  (10 файлов)
