/Users/tascan/Desktop/диссер/new_arch/.venv/lib/python3.14/site-packages/torch/nn/utils/weight_norm.py:144: FutureWarning: `torch.nn.utils.weight_norm` is deprecated in favor of `torch.nn.utils.parametrizations.weight_norm`.
  WeightNorm.apply(module, name, dim)
/Users/tascan/Desktop/диссер/new_arch/.venv/lib/python3.14/site-packages/torch/nn/utils/weight_norm.py:144: FutureWarning: `torch.nn.utils.weight_norm` is deprecated in favor of `torch.nn.utils.parametrizations.weight_norm`.
  WeightNorm.apply(module, name, dim)
/Users/tascan/Desktop/диссер/new_arch/.venv/lib/python3.14/site-packages/torch/nn/utils/weight_norm.py:144: FutureWarning: `torch.nn.utils.weight_norm` is deprecated in favor of `torch.nn.utils.parametrizations.weight_norm`.
  WeightNorm.apply(module, name, dim)
/Users/tascan/Desktop/диссер/new_arch/.venv/lib/python3.14/site-packages/torch/nn/utils/weight_norm.py:144: FutureWarning: `torch.nn.utils.weight_norm` is deprecated in favor of `torch.nn.utils.parametrizations.weight_norm`.
  WeightNorm.apply(module, name, dim)
/Users/tascan/Desktop/диссер/new_arch/.venv/lib/python3.14/site-packages/torch/nn/utils/weight_norm.py:144: FutureWarning: `torch.nn.utils.weight_norm` is deprecated in favor of `torch.nn.utils.parametrizations.weight_norm`.
  WeightNorm.apply(module, name, dim)
/Users/tascan/Desktop/диссер/new_arch/.venv/lib/python3.14/site-packages/torch/nn/utils/weight_norm.py:144: FutureWarning: `torch.nn.utils.weight_norm` is deprecated in favor of `torch.nn.utils.parametrizations.weight_norm`.
  WeightNorm.apply(module, name, dim)
/Users/tascan/Desktop/диссер/new_arch/.venv/lib/python3.14/site-packages/torch/nn/utils/weight_norm.py:144: FutureWarning: `torch.nn.utils.weight_norm` is deprecated in favor of `torch.nn.utils.parametrizations.weight_norm`.
  WeightNorm.apply(module, name, dim)
/Users/tascan/Desktop/диссер/new_arch/.venv/lib/python3.14/site-packages/torch/nn/utils/weight_norm.py:144: FutureWarning: `torch.nn.utils.weight_norm` is deprecated in favor of `torch.nn.utils.parametrizations.weight_norm`.
  WeightNorm.apply(module, name, dim)
/Users/tascan/Desktop/диссер/new_arch/.venv/lib/python3.14/site-packages/torch/nn/utils/weight_norm.py:144: FutureWarning: `torch.nn.utils.weight_norm` is deprecated in favor of `torch.nn.utils.parametrizations.weight_norm`.
  WeightNorm.apply(module, name, dim)
/Users/tascan/Desktop/диссер/new_arch/.venv/lib/python3.14/site-packages/torch/nn/utils/weight_norm.py:144: FutureWarning: `torch.nn.utils.weight_norm` is deprecated in favor of `torch.nn.utils.parametrizations.weight_norm`.
  WeightNorm.apply(module, name, dim)
/Users/tascan/Desktop/диссер/new_arch/.venv/lib/python3.14/site-packages/torch/nn/utils/weight_norm.py:144: FutureWarning: `torch.nn.utils.weight_norm` is deprecated in favor of `torch.nn.utils.parametrizations.weight_norm`.
  WeightNorm.apply(module, name, dim)
/Users/tascan/Desktop/диссер/new_arch/.venv/lib/python3.14/site-packages/torch/nn/utils/weight_norm.py:144: FutureWarning: `torch.nn.utils.weight_norm` is deprecated in favor of `torch.nn.utils.parametrizations.weight_norm`.
  WeightNorm.apply(module, name, dim)
/Users/tascan/Desktop/диссер/new_arch/.venv/lib/python3.14/site-packages/torch/nn/utils/weight_norm.py:144: FutureWarning: `torch.nn.utils.weight_norm` is deprecated in favor of `torch.nn.utils.parametrizations.weight_norm`.
  WeightNorm.apply(module, name, dim)
/Users/tascan/Desktop/диссер/new_arch/.venv/lib/python3.14/site-packages/torch/nn/utils/weight_norm.py:144: FutureWarning: `torch.nn.utils.weight_norm` is deprecated in favor of `torch.nn.utils.parametrizations.weight_norm`.
  WeightNorm.apply(module, name, dim)
/Users/tascan/Desktop/диссер/new_arch/.venv/lib/python3.14/site-packages/torch/nn/utils/weight_norm.py:144: FutureWarning: `torch.nn.utils.weight_norm` is deprecated in favor of `torch.nn.utils.parametrizations.weight_norm`.
  WeightNorm.apply(module, name, dim)
/Users/tascan/Desktop/диссер/new_arch/.venv/lib/python3.14/site-packages/torch/nn/utils/weight_norm.py:144: FutureWarning: `torch.nn.utils.weight_norm` is deprecated in favor of `torch.nn.utils.parametrizations.weight_norm`.
  WeightNorm.apply(module, name, dim)
/Users/tascan/Desktop/диссер/new_arch/.venv/lib/python3.14/site-packages/torch/nn/utils/weight_norm.py:144: FutureWarning: `torch.nn.utils.weight_norm` is deprecated in favor of `torch.nn.utils.parametrizations.weight_norm`.
  WeightNorm.apply(module, name, dim)
[TCN3] Causal DWT-TCN, seq=30 (Haar DWT → cA/cD ветви)
  model_id=TCN3_c4349ecc  device=cpu
  target=lt2  feature_set=EMG+NIRS  with_abs=True  wavelet_mode=dwt
  seq_len=30  int_stride=5s  out_stride=5s
  max_epochs=40  checkpoint_every=4
  → /Users/tascan/Desktop/диссер/new_arch/results/TCN3/models.csv
  n_subjects=18  n_features=97  n_windows=3651
  fold loso_subject_S001       n=179   MAE_final=4.834 мин  params=20577  ckpts=10  (285.6s)
  fold loso_subject_S002       n=125   MAE_final=2.503 мин  params=20577  ckpts=10  (290.6s)
  fold loso_subject_S003       n=242   MAE_final=3.371 мин  params=20577  ckpts=10  (279.7s)
  fold loso_subject_S004       n=140   MAE_final=1.991 мин  params=20577  ckpts=10  (297.9s)
  fold loso_subject_S005       n=211   MAE_final=7.806 мин  params=20577  ckpts=10  (297.7s)
  fold loso_subject_S006       n=110   MAE_final=4.945 мин  params=20577  ckpts=10  (302.4s)
  [skip loso_subject_S007] недостаточно test-окон
  fold loso_subject_S008       n=119   MAE_final=2.063 мин  params=20577  ckpts=10  (305.1s)
  fold loso_subject_S009       n=325   MAE_final=4.140 мин  params=20577  ckpts=10  (287.9s)
  fold loso_subject_S010       n=289   MAE_final=2.222 мин  params=20577  ckpts=10  (300.2s)
  fold loso_subject_S011       n=152   MAE_final=1.331 мин  params=20577  ckpts=10  (314.5s)
  fold loso_subject_S012       n=132   MAE_final=2.881 мин  params=20577  ckpts=10  (316.1s)
  fold loso_subject_S013       n=234   MAE_final=5.537 мин  params=20577  ckpts=10  (308.3s)
  fold loso_subject_S014       n=196   MAE_final=0.828 мин  params=20577  ckpts=10  (313.9s)
  fold loso_subject_S016       n=157   MAE_final=1.915 мин  params=20577  ckpts=10  (332.4s)
  fold loso_subject_S017       n=190   MAE_final=2.517 мин  params=20577  ckpts=10  (314.2s)
  fold loso_subject_S018       n=52    MAE_final=1.825 мин  params=20577  ckpts=10  (331.8s)
  fold loso_subject_S019       n=288   MAE_final=5.258 мин  params=20577  ckpts=10  (307.9s)

  Всего 18 folds, 5186.7s
  MAE по эпохам (мин):
    epoch=  4  MAE=3.817
    epoch=  8  MAE=3.685
    epoch= 12  MAE=3.616
    epoch= 16  MAE=3.607
    epoch= 20  MAE=3.598
    epoch= 24  MAE=3.545
    epoch= 28  MAE=3.564
    epoch= 32  MAE=3.552
    epoch= 36  MAE=3.540  ← best
    epoch= 40  MAE=3.542
  → /Users/tascan/Desktop/диссер/new_arch/results/TCN3/TCN3_c4349ecc/history.csv  (680 строк)
  → /Users/tascan/Desktop/диссер/new_arch/results/TCN3/TCN3_c4349ecc/predictions_TCN3_c4349ecc.parquet  (31410 строк)
  → /Users/tascan/Desktop/диссер/new_arch/results/TCN3/TCN3_c4349ecc/model_TCN3_c4349ecc_epoch-*.pt  (10 файлов)
