/Users/tascan/Desktop/диссер/new_arch/.venv/lib/python3.14/site-packages/torch/nn/utils/weight_norm.py:144: FutureWarning: `torch.nn.utils.weight_norm` is deprecated in favor of `torch.nn.utils.parametrizations.weight_norm`.
  WeightNorm.apply(module, name, dim)
/Users/tascan/Desktop/диссер/new_arch/.venv/lib/python3.14/site-packages/torch/nn/utils/weight_norm.py:144: FutureWarning: `torch.nn.utils.weight_norm` is deprecated in favor of `torch.nn.utils.parametrizations.weight_norm`.
  WeightNorm.apply(module, name, dim)
/Users/tascan/Desktop/диссер/new_arch/.venv/lib/python3.14/site-packages/torch/nn/utils/weight_norm.py:144: FutureWarning: `torch.nn.utils.weight_norm` is deprecated in favor of `torch.nn.utils.parametrizations.weight_norm`.
  WeightNorm.apply(module, name, dim)
/Users/tascan/Desktop/диссер/new_arch/.venv/lib/python3.14/site-packages/torch/nn/utils/weight_norm.py:144: FutureWarning: `torch.nn.utils.weight_norm` is deprecated in favor of `torch.nn.utils.parametrizations.weight_norm`.
  WeightNorm.apply(module, name, dim)
/Users/tascan/Desktop/диссер/new_arch/.venv/lib/python3.14/site-packages/torch/nn/utils/weight_norm.py:144: FutureWarning: `torch.nn.utils.weight_norm` is deprecated in favor of `torch.nn.utils.parametrizations.weight_norm`.
  WeightNorm.apply(module, name, dim)
/Users/tascan/Desktop/диссер/new_arch/.venv/lib/python3.14/site-packages/torch/nn/utils/weight_norm.py:144: FutureWarning: `torch.nn.utils.weight_norm` is deprecated in favor of `torch.nn.utils.parametrizations.weight_norm`.
  WeightNorm.apply(module, name, dim)
/Users/tascan/Desktop/диссер/new_arch/.venv/lib/python3.14/site-packages/torch/nn/utils/weight_norm.py:144: FutureWarning: `torch.nn.utils.weight_norm` is deprecated in favor of `torch.nn.utils.parametrizations.weight_norm`.
  WeightNorm.apply(module, name, dim)
/Users/tascan/Desktop/диссер/new_arch/.venv/lib/python3.14/site-packages/torch/nn/utils/weight_norm.py:144: FutureWarning: `torch.nn.utils.weight_norm` is deprecated in favor of `torch.nn.utils.parametrizations.weight_norm`.
  WeightNorm.apply(module, name, dim)
/Users/tascan/Desktop/диссер/new_arch/.venv/lib/python3.14/site-packages/torch/nn/utils/weight_norm.py:144: FutureWarning: `torch.nn.utils.weight_norm` is deprecated in favor of `torch.nn.utils.parametrizations.weight_norm`.
  WeightNorm.apply(module, name, dim)
/Users/tascan/Desktop/диссер/new_arch/.venv/lib/python3.14/site-packages/torch/nn/utils/weight_norm.py:144: FutureWarning: `torch.nn.utils.weight_norm` is deprecated in favor of `torch.nn.utils.parametrizations.weight_norm`.
  WeightNorm.apply(module, name, dim)
/Users/tascan/Desktop/диссер/new_arch/.venv/lib/python3.14/site-packages/torch/nn/utils/weight_norm.py:144: FutureWarning: `torch.nn.utils.weight_norm` is deprecated in favor of `torch.nn.utils.parametrizations.weight_norm`.
  WeightNorm.apply(module, name, dim)
/Users/tascan/Desktop/диссер/new_arch/.venv/lib/python3.14/site-packages/torch/nn/utils/weight_norm.py:144: FutureWarning: `torch.nn.utils.weight_norm` is deprecated in favor of `torch.nn.utils.parametrizations.weight_norm`.
  WeightNorm.apply(module, name, dim)
/Users/tascan/Desktop/диссер/new_arch/.venv/lib/python3.14/site-packages/torch/nn/utils/weight_norm.py:144: FutureWarning: `torch.nn.utils.weight_norm` is deprecated in favor of `torch.nn.utils.parametrizations.weight_norm`.
  WeightNorm.apply(module, name, dim)
/Users/tascan/Desktop/диссер/new_arch/.venv/lib/python3.14/site-packages/torch/nn/utils/weight_norm.py:144: FutureWarning: `torch.nn.utils.weight_norm` is deprecated in favor of `torch.nn.utils.parametrizations.weight_norm`.
  WeightNorm.apply(module, name, dim)
/Users/tascan/Desktop/диссер/new_arch/.venv/lib/python3.14/site-packages/torch/nn/utils/weight_norm.py:144: FutureWarning: `torch.nn.utils.weight_norm` is deprecated in favor of `torch.nn.utils.parametrizations.weight_norm`.
  WeightNorm.apply(module, name, dim)
/Users/tascan/Desktop/диссер/new_arch/.venv/lib/python3.14/site-packages/torch/nn/utils/weight_norm.py:144: FutureWarning: `torch.nn.utils.weight_norm` is deprecated in favor of `torch.nn.utils.parametrizations.weight_norm`.
  WeightNorm.apply(module, name, dim)
/Users/tascan/Desktop/диссер/new_arch/.venv/lib/python3.14/site-packages/torch/nn/utils/weight_norm.py:144: FutureWarning: `torch.nn.utils.weight_norm` is deprecated in favor of `torch.nn.utils.parametrizations.weight_norm`.
  WeightNorm.apply(module, name, dim)
/Users/tascan/Desktop/диссер/new_arch/.venv/lib/python3.14/site-packages/torch/nn/utils/weight_norm.py:144: FutureWarning: `torch.nn.utils.weight_norm` is deprecated in favor of `torch.nn.utils.parametrizations.weight_norm`.
  WeightNorm.apply(module, name, dim)
[TCN4] Causal WaveNet-TCN, seq=30, gated activation
  model_id=TCN4_2d93ec02  device=cpu
  target=lt1  feature_set=EMG  with_abs=True  wavelet_mode=none
  seq_len=30  int_stride=5s  out_stride=5s
  max_epochs=40  checkpoint_every=4
  → /Users/tascan/Desktop/диссер/new_arch/results/TCN4/models.csv
  n_subjects=18  n_features=79  n_windows=4130
  fold loso_subject_S001       n=213   MAE_final=1.803 мин  params=42178  ckpts=10  (357.7s)
  fold loso_subject_S002       n=127   MAE_final=5.815 мин  params=42178  ckpts=10  (359.9s)
  fold loso_subject_S003       n=290   MAE_final=6.355 мин  params=42178  ckpts=10  (348.3s)
  fold loso_subject_S004       n=143   MAE_final=2.302 мин  params=42178  ckpts=10  (360.4s)
  fold loso_subject_S005       n=235   MAE_final=2.684 мин  params=42178  ckpts=10  (363.9s)
  fold loso_subject_S006       n=112   MAE_final=1.386 мин  params=42178  ckpts=10  (375.5s)
  fold loso_subject_S007       n=198   MAE_final=4.738 мин  params=42178  ckpts=10  (366.9s)
  fold loso_subject_S008       n=121   MAE_final=4.600 мин  params=42178  ckpts=10  (378.6s)
  fold loso_subject_S009       n=327   MAE_final=17.452 мин  params=42178  ckpts=10  (376.4s)
  fold loso_subject_S010       n=291   MAE_final=5.649 мин  params=42178  ckpts=10  (362.5s)
  fold loso_subject_S011       n=154   MAE_final=1.737 мин  params=42178  ckpts=10  (384.6s)
  fold loso_subject_S012       n=134   MAE_final=3.234 мин  params=42178  ckpts=10  (379.0s)
  fold loso_subject_S013       n=236   MAE_final=4.898 мин  params=42178  ckpts=10  (396.8s)
  fold loso_subject_S014       n=198   MAE_final=1.922 мин  params=42178  ckpts=10  (414.2s)
  fold loso_subject_S016       n=159   MAE_final=2.297 мин  params=42178  ckpts=10  (437.9s)
  fold loso_subject_S017       n=192   MAE_final=2.770 мин  params=42178  ckpts=10  (435.1s)
  fold loso_subject_S018       n=188   MAE_final=1.103 мин  params=42178  ckpts=10  (437.8s)
  fold loso_subject_S019       n=290   MAE_final=4.341 мин  params=42178  ckpts=10  (417.8s)

  Всего 18 folds, 6953.9s
  MAE по эпохам (мин):
    epoch=  4  MAE=4.793  ← best
    epoch=  8  MAE=4.836
    epoch= 12  MAE=4.880
    epoch= 16  MAE=4.919
    epoch= 20  MAE=4.822
    epoch= 24  MAE=4.878
    epoch= 28  MAE=4.898
    epoch= 32  MAE=4.896
    epoch= 36  MAE=4.888
    epoch= 40  MAE=4.858
  → /Users/tascan/Desktop/диссер/new_arch/results/TCN4/TCN4_2d93ec02/history.csv  (720 строк)
  → /Users/tascan/Desktop/диссер/new_arch/results/TCN4/TCN4_2d93ec02/predictions_TCN4_2d93ec02.parquet  (36080 строк)
  → /Users/tascan/Desktop/диссер/new_arch/results/TCN4/TCN4_2d93ec02/model_TCN4_2d93ec02_epoch-*.pt  (10 файлов)
