/Users/tascan/Desktop/диссер/new_arch/.venv/lib/python3.14/site-packages/torch/nn/utils/weight_norm.py:144: FutureWarning: `torch.nn.utils.weight_norm` is deprecated in favor of `torch.nn.utils.parametrizations.weight_norm`.
  WeightNorm.apply(module, name, dim)
/Users/tascan/Desktop/диссер/new_arch/.venv/lib/python3.14/site-packages/torch/nn/utils/weight_norm.py:144: FutureWarning: `torch.nn.utils.weight_norm` is deprecated in favor of `torch.nn.utils.parametrizations.weight_norm`.
  WeightNorm.apply(module, name, dim)
/Users/tascan/Desktop/диссер/new_arch/.venv/lib/python3.14/site-packages/torch/nn/utils/weight_norm.py:144: FutureWarning: `torch.nn.utils.weight_norm` is deprecated in favor of `torch.nn.utils.parametrizations.weight_norm`.
  WeightNorm.apply(module, name, dim)
/Users/tascan/Desktop/диссер/new_arch/.venv/lib/python3.14/site-packages/torch/nn/utils/weight_norm.py:144: FutureWarning: `torch.nn.utils.weight_norm` is deprecated in favor of `torch.nn.utils.parametrizations.weight_norm`.
  WeightNorm.apply(module, name, dim)
/Users/tascan/Desktop/диссер/new_arch/.venv/lib/python3.14/site-packages/torch/nn/utils/weight_norm.py:144: FutureWarning: `torch.nn.utils.weight_norm` is deprecated in favor of `torch.nn.utils.parametrizations.weight_norm`.
  WeightNorm.apply(module, name, dim)
/Users/tascan/Desktop/диссер/new_arch/.venv/lib/python3.14/site-packages/torch/nn/utils/weight_norm.py:144: FutureWarning: `torch.nn.utils.weight_norm` is deprecated in favor of `torch.nn.utils.parametrizations.weight_norm`.
  WeightNorm.apply(module, name, dim)
/Users/tascan/Desktop/диссер/new_arch/.venv/lib/python3.14/site-packages/torch/nn/utils/weight_norm.py:144: FutureWarning: `torch.nn.utils.weight_norm` is deprecated in favor of `torch.nn.utils.parametrizations.weight_norm`.
  WeightNorm.apply(module, name, dim)
/Users/tascan/Desktop/диссер/new_arch/.venv/lib/python3.14/site-packages/torch/nn/utils/weight_norm.py:144: FutureWarning: `torch.nn.utils.weight_norm` is deprecated in favor of `torch.nn.utils.parametrizations.weight_norm`.
  WeightNorm.apply(module, name, dim)
/Users/tascan/Desktop/диссер/new_arch/.venv/lib/python3.14/site-packages/torch/nn/utils/weight_norm.py:144: FutureWarning: `torch.nn.utils.weight_norm` is deprecated in favor of `torch.nn.utils.parametrizations.weight_norm`.
  WeightNorm.apply(module, name, dim)
/Users/tascan/Desktop/диссер/new_arch/.venv/lib/python3.14/site-packages/torch/nn/utils/weight_norm.py:144: FutureWarning: `torch.nn.utils.weight_norm` is deprecated in favor of `torch.nn.utils.parametrizations.weight_norm`.
  WeightNorm.apply(module, name, dim)
/Users/tascan/Desktop/диссер/new_arch/.venv/lib/python3.14/site-packages/torch/nn/utils/weight_norm.py:144: FutureWarning: `torch.nn.utils.weight_norm` is deprecated in favor of `torch.nn.utils.parametrizations.weight_norm`.
  WeightNorm.apply(module, name, dim)
/Users/tascan/Desktop/диссер/new_arch/.venv/lib/python3.14/site-packages/torch/nn/utils/weight_norm.py:144: FutureWarning: `torch.nn.utils.weight_norm` is deprecated in favor of `torch.nn.utils.parametrizations.weight_norm`.
  WeightNorm.apply(module, name, dim)
/Users/tascan/Desktop/диссер/new_arch/.venv/lib/python3.14/site-packages/torch/nn/utils/weight_norm.py:144: FutureWarning: `torch.nn.utils.weight_norm` is deprecated in favor of `torch.nn.utils.parametrizations.weight_norm`.
  WeightNorm.apply(module, name, dim)
/Users/tascan/Desktop/диссер/new_arch/.venv/lib/python3.14/site-packages/torch/nn/utils/weight_norm.py:144: FutureWarning: `torch.nn.utils.weight_norm` is deprecated in favor of `torch.nn.utils.parametrizations.weight_norm`.
  WeightNorm.apply(module, name, dim)
/Users/tascan/Desktop/диссер/new_arch/.venv/lib/python3.14/site-packages/torch/nn/utils/weight_norm.py:144: FutureWarning: `torch.nn.utils.weight_norm` is deprecated in favor of `torch.nn.utils.parametrizations.weight_norm`.
  WeightNorm.apply(module, name, dim)
/Users/tascan/Desktop/диссер/new_arch/.venv/lib/python3.14/site-packages/torch/nn/utils/weight_norm.py:144: FutureWarning: `torch.nn.utils.weight_norm` is deprecated in favor of `torch.nn.utils.parametrizations.weight_norm`.
  WeightNorm.apply(module, name, dim)
/Users/tascan/Desktop/диссер/new_arch/.venv/lib/python3.14/site-packages/torch/nn/utils/weight_norm.py:144: FutureWarning: `torch.nn.utils.weight_norm` is deprecated in favor of `torch.nn.utils.parametrizations.weight_norm`.
  WeightNorm.apply(module, name, dim)
[TCN3] Causal DWT-TCN, seq=30 (Haar DWT → cA/cD ветви)
  model_id=TCN3_77409486  device=cpu
  target=lt2  feature_set=EMG+NIRS+HRV  with_abs=True  wavelet_mode=dwt
  seq_len=30  int_stride=5s  out_stride=5s
  max_epochs=40  checkpoint_every=4
  → /Users/tascan/Desktop/диссер/new_arch/results/TCN3/models.csv
  n_subjects=18  n_features=107  n_windows=3651
  fold loso_subject_S001       n=179   MAE_final=3.808 мин  params=21857  ckpts=10  (303.8s)
  fold loso_subject_S002       n=125   MAE_final=0.851 мин  params=21857  ckpts=10  (318.8s)
  fold loso_subject_S003       n=242   MAE_final=4.878 мин  params=21857  ckpts=10  (306.4s)
  fold loso_subject_S004       n=140   MAE_final=1.669 мин  params=21857  ckpts=10  (317.6s)
  fold loso_subject_S005       n=211   MAE_final=3.788 мин  params=21857  ckpts=10  (308.4s)
  fold loso_subject_S006       n=110   MAE_final=1.030 мин  params=21857  ckpts=10  (333.9s)
  [skip loso_subject_S007] недостаточно test-окон
  fold loso_subject_S008       n=119   MAE_final=1.468 мин  params=21857  ckpts=10  (332.1s)
  fold loso_subject_S009       n=325   MAE_final=1.416 мин  params=21857  ckpts=10  (314.0s)
  fold loso_subject_S010       n=289   MAE_final=3.752 мин  params=21857  ckpts=10  (315.8s)
  fold loso_subject_S011       n=152   MAE_final=2.317 мин  params=21857  ckpts=10  (334.8s)
  fold loso_subject_S012       n=132   MAE_final=1.113 мин  params=21857  ckpts=10  (353.5s)
  fold loso_subject_S013       n=234   MAE_final=2.360 мин  params=21857  ckpts=10  (327.2s)
  fold loso_subject_S014       n=196   MAE_final=1.411 мин  params=21857  ckpts=10  (337.7s)
  fold loso_subject_S016       n=157   MAE_final=1.755 мин  params=21857  ckpts=10  (334.8s)
  fold loso_subject_S017       n=190   MAE_final=2.205 мин  params=21857  ckpts=10  (351.6s)
  fold loso_subject_S018       n=52    MAE_final=2.255 мин  params=21857  ckpts=10  (378.1s)
  fold loso_subject_S019       n=288   MAE_final=1.808 мин  params=21857  ckpts=10  (363.6s)

  Всего 18 folds, 5632.5s
  MAE по эпохам (мин):
    epoch=  4  MAE=2.424
    epoch=  8  MAE=2.356  ← best
    epoch= 12  MAE=2.375
    epoch= 16  MAE=2.396
    epoch= 20  MAE=2.388
    epoch= 24  MAE=2.376
    epoch= 28  MAE=2.394
    epoch= 32  MAE=2.382
    epoch= 36  MAE=2.378
    epoch= 40  MAE=2.386
  → /Users/tascan/Desktop/диссер/new_arch/results/TCN3/TCN3_77409486/history.csv  (680 строк)
  → /Users/tascan/Desktop/диссер/new_arch/results/TCN3/TCN3_77409486/predictions_TCN3_77409486.parquet  (31410 строк)
  → /Users/tascan/Desktop/диссер/new_arch/results/TCN3/TCN3_77409486/model_TCN3_77409486_epoch-*.pt  (10 файлов)
